---
source: tui/src/app.rs
assertion_line: 7614
expression: popup
---
Open Project In RIGHT Tab
Choose a favorite, or browse into a directory. Enter opens; X starts fresh.
<ROOT>
╔Favorites═══════════════════════════╗┌Browser: <ROOT>──────────────────────┐
║> projects                          ║│  .. <TMP>                                   │
║                                    ║│  <ROOT>/codex                       │
║                                    ║│  <ROOT>/dragonfly                   │
║                                    ║│  <ROOT>/nevercluster                │
║                                    ║│                                                  │
║                                    ║│                                                  │
║                                    ║│                                                  │
║                                    ║│                                                  │
║                                    ║│                                                  │
║                                    ║│                                                  │
║                                    ║│                                                  │
║                                    ║│                                                  │
║                                    ║│                                                  │
║                                    ║│                                                  │
║                                    ║│                                                  │
║                                    ║│                                                  │
║                                    ║│                                                  │
║                                    ║│                                                  │
║                                    ║│                                                  │
╚════════════════════════════════════╝└──────────────────────────────────────────────────┘
enter to open project | x to open fresh
right/l to browse directory | esc to cancel
