---
source: tui/src/app.rs
assertion_line: 6473
expression: popup
---
  Browse Directories
  <ROOT>

  Filter directories...
› Open: projects                    <ROOT>
  Favorites: Remove this directory  <ROOT>
  Browse: ..                        <TMP>
  Browse: codex                     <ROOT>/codex
  Browse: dragonfly                 <ROOT>/dragonfly
  Browse: nevercluster              <ROOT>/nevercluster

  Press enter to confirm or esc to go back
