---
source: tui/src/app.rs
assertion_line: 7554
expression: popup
---
Project Switcher  Workspace 1 (1/1)
/workspace/codex  Attention soft
╔Open Tabs═════════════════════════════════════════════════╗
║╔═════════════════════════╗ ┌─────────────────────────┐   ║
║║codex                    ║ │obsidian                 │   ║
║║/workspace/codex         ║ │/workspace/obsidian      │   ║
║║Ready                    ║ │Ready                    │   ║
║╚═════════════════════════╝ └─────────────────────────┘   ║
║┌─────────────────────────┐ ┌─────────────────────────┐   ║
║│riff-connect             │ │dragonfly                │   ║
║│/workspace/riff-connect  │ │/workspace/dragonfly     │   ║
║│Ready                    │ │Ready                    │   ║
║└─────────────────────────┘ └─────────────────────────┘   ║
╚══════════════════════════════════════════════════════════╝
┌Favorites─────────────────────────────────────────────────┐
│┌─────────────────────────┐ ┌─────────────────────────┐   │
││nevercluster             │ │citadel                  │   │
││/workspace/nevercluster  │ │/workspace/citadel       │   │
││                         │ │                         │   │
│└─────────────────────────┘ └─────────────────────────┘   │
│┌─────────────────────────┐                               │
││flagship                 │                               │
││/workspace/flagship      │                               │
││                         │                               │
│└─────────────────────────┘                               │
└──────────────────────────────────────────────────────────┘
┌───────────┐ ┌───────────┐ ┌───────────┐ ┌───────────┐
│Browse proj│ │Browse /   │ │Edit favori│ │Rename tab │
└───────────┘ └───────────┘ └───────────┘ └───────────┘
┌───────────┐ ┌───────────┐ ┌───────────┐
│Attention o│ │Close tab  │ │Save + quit│
└───────────┘ └───────────┘ └───────────┘
Press enter to confirm or esc to go back
