---
source: tui/src/app.rs
expression: popup
---
Project Switcher  Workspace 1 (1/1)
/workspace/codex  Attention soft
╔Open Tabs═══════════════════════════════════════════════════════════════════════════════╗
║╔═════════════════════════╗ ┌─────────────────────────┐                                 ║
║║codex                    ║ │dragonfly                │                                 ║
║║/workspace/codex         ║ │/workspace/dragonfly     │                                 ║
║║Ready                    ║ │Ready                    │                                 ║
║╚═════════════════════════╝ └─────────────────────────┘                                 ║
║                                                                                        ║
║                                                                                        ║
║                                                                                        ║
║                                                                                        ║
║                                                                                        ║
╚════════════════════════════════════════════════════════════════════════════════════════╝
┌Favorites───────────────────────────────────────────────────────────────────────────────┐
│┌─────────────────────────┐                                                             │
││flagship                 │                                                             │
││/workspace/flagship      │                                                             │
││Press X to edit favorites│                                                             │
│└─────────────────────────┘                                                             │
│                                                                                        │
└────────────────────────────────────────────────────────────────────────────────────────┘
┌───────────┐ ┌───────────┐ ┌───────────┐ ┌───────────┐ ┌───────────┐ ┌───────────┐
│Browse proj│ │Browse /   │ │Edit favori│ │Rename tab │ │Attention o│ │Close tab  │
└───────────┘ └───────────┘ └───────────┘ └───────────┘ └───────────┘ └───────────┘
┌───────────┐
│Save + quit│
└───────────┘
Press enter to confirm or esc to go back
