---
source: tui/src/bottom_pane/chat_composer.rs
assertion_line: 6618
expression: terminal.backend()
---
"                                                            "
"› /at                                                       "
"                                                            "
"                                                            "
"  /attention  cycle project attention mode                  "
