---
source: tui/src/bottom_pane/project_chooser.rs
assertion_line: 563
expression: "render_snapshot(&view, 80)"
---
Open Project In RIGHT Tab                                                       
Choose a favorite, or browse into a directory. Enter opens; X starts fresh.     
/workspace                                                                      
╔Favorites═══════════════════════╗┌Browser: /workspace─────────────────────────┐
║> ● codex                       ║│  .. /                                      │
║                                ║│                                            │
║                                ║│                                            │
║                                ║│                                            │
║                                ║│                                            │
║                                ║│                                            │
║                                ║│                                            │
║                                ║│                                            │
║                                ║│                                            │
║                                ║│                                            │
║                                ║│                                            │
║                                ║│                                            │
║                                ║│                                            │
║                                ║│                                            │
║                                ║│                                            │
║                                ║│                                            │
║                                ║│                                            │
║                                ║│                                            │
║                                ║│                                            │
╚════════════════════════════════╝└────────────────────────────────────────────┘
enter to open project | x to open fresh                                         
right/l to browse directory | esc to cancel
